#0 building with "default" instance using docker driver

#1 [internal] load build definition from Dockerfile
#1 transferring dockerfile: 10.50kB done
#1 DONE 0.0s

#2 [internal] load metadata for docker.io/library/python:3.11.14-slim-trixie
#2 DONE 0.1s

#3 [internal] load metadata for docker.io/library/node:20-trixie-slim
#3 DONE 0.1s

#4 [internal] load .dockerignore
#4 transferring context: 1.28kB done
#4 DONE 0.0s

#5 [python-base 1/6] FROM docker.io/library/python:3.11.14-slim-trixie@sha256:c8271b1f627d0068857dce5b53e14a9558603b527e46f1f901722f935b786a39
#5 DONE 0.0s

#6 [superset-node-ci 1/8] FROM docker.io/library/node:20-trixie-slim@sha256:abfbe12cc943141a0c9e8c0a57d710df1dadd95d35e8662cc02958b284d1f35b
#6 DONE 0.0s

#7 [internal] load build context
#7 transferring context: 616.44kB 0.4s done
#7 DONE 0.4s

#8 [python-translation-compiler 4/4] RUN if [ "false" = "true" ]; then         pybabel compile -d /app/translations_mo | true;     fi;     rm -f /app/translations_mo/*/*/*.[po,json]
#8 CACHED

#9 [python-common 10/15] RUN mkdir -p /app/data && chown -R superset:superset /app/data
#9 CACHED

#10 [python-base 3/6] RUN useradd --user-group -d /app/superset_home -m --no-log-init --shell /bin/bash superset     && chmod -R 1777 /app/superset_home     && chown -R superset:superset /app/superset_home
#10 CACHED

#11 [python-base 6/6] RUN uv venv /app/.venv
#11 CACHED

#12 [superset-node-ci 8/8] COPY superset-frontend /app/superset-frontend
#12 CACHED

#13 [superset-node-ci 7/8] RUN --mount=type=bind,source=./superset-frontend/package.json,target=./package.json     --mount=type=bind,source=./superset-frontend/package-lock.json,target=./package-lock.json     --mount=type=cache,target=/root/.cache     --mount=type=cache,target=/root/.npm     if [ "false" = "false" ]; then         npm ci;     else         echo "Skipping 'npm ci' in dev mode";     fi
#13 CACHED

#14 [lean 3/5] RUN --mount=type=cache,target=/app/superset_home/.cache/uv     /app/docker/pip-install.sh --requires-build-essential -r requirements/base.txt
#14 CACHED

#15 [superset-node-ci 2/8] COPY docker/ /app/docker/
#15 CACHED

#16 [lean 1/5] COPY requirements/base.txt requirements/
#16 CACHED

#17 [python-common 15/15] COPY --from=python-translation-compiler /app/translations_mo superset/translations
#17 CACHED

#18 [python-common 12/15] COPY superset superset
#18 CACHED

#19 [python-common  2/15] WORKDIR /app
#19 CACHED

#20 [python-common  6/15] COPY superset-frontend/package.json superset-frontend/
#20 CACHED

#21 [python-common  7/15] COPY scripts/check-env.py scripts/
#21 CACHED

#22 [python-translation-compiler 3/4] COPY superset/translations/ /app/translations_mo/
#22 CACHED

#23 [python-translation-compiler 1/4] COPY requirements/translations.txt requirements/
#23 CACHED

#24 [python-common  1/15] COPY --chmod=755 docker/entrypoints /app/docker/entrypoints
#24 CACHED

#25 [python-base 2/6] RUN mkdir -p /app/superset_home
#25 CACHED

#26 [lean 2/5] COPY superset-core superset-core
#26 CACHED

#27 [python-base 4/6] COPY --chmod=755 docker/*.sh /app/docker/
#27 CACHED

#28 [python-base 5/6] RUN pip install --no-cache-dir --upgrade uv
#28 CACHED

#29 [superset-node-ci 6/8] RUN mkdir -p /app/superset/static/assets              /app/superset/translations
#29 CACHED

#30 [python-common  3/15] RUN mkdir -p       /app/pythonpath       superset/static       requirements       superset-frontend       apache_superset.egg-info       requirements     && touch superset/static/version_info.json
#30 CACHED

#31 [python-common  4/15] RUN --mount=type=cache,target=/app/superset_home/.cache/uv     if [ "false" = "true" ] || [ "false" = "true" ]; then         uv pip install playwright &&         playwright install-deps &&         if [ "false" = "true" ]; then playwright install chromium; fi &&         if [ "false" = "true" ]; then playwright install firefox; fi;     else         echo "Skipping browser installation";     fi
#31 CACHED

#32 [python-common  5/15] COPY pyproject.toml setup.py MANIFEST.in README.md ./
#32 CACHED

#33 [superset-node 2/3] COPY superset/translations /app/superset/translations
#33 CACHED

#34 [superset-node-ci 4/8] RUN /app/docker/frontend-mem-nag.sh
#34 CACHED

#35 [superset-node 3/3] RUN if [ "false" = "true" ]; then         npm run build-translation;     fi;     rm -rf /app/superset/translations/*/*/*.[po,mo];
#35 CACHED

#36 [superset-node-ci 5/8] WORKDIR /app/superset-frontend
#36 CACHED

#37 [lean 5/5] RUN python -m compileall /app/superset
#37 CACHED

#38 [python-common 13/15] RUN rm superset/translations/*/*/*.po
#38 CACHED

#39 [python-common  9/15] RUN /app/docker/apt-install.sh       curl       libsasl2-dev       libsasl2-modules-gssapi-mit       libpq-dev       libecpg-dev       libldap2-dev
#39 CACHED

#40 [python-translation-compiler 2/4] RUN --mount=type=cache,target=/root/.cache/uv     . /app/.venv/bin/activate && /app/docker/pip-install.sh --requires-build-essential -r requirements/translations.txt
#40 CACHED

#41 [python-common 14/15] COPY --from=superset-node /app/superset/translations superset/translations
#41 CACHED

#42 [superset-node-ci 3/8] RUN /app/docker/apt-install.sh build-essential python3 zstd
#42 CACHED

#43 [python-common 11/15] COPY --from=superset-node /app/superset/static/assets superset/static/assets
#43 CACHED

#44 [superset-node 1/3] RUN --mount=type=cache,target=/root/.npm     if [ "false" = "false" ]; then         echo "Running 'npm run build'";         npm run build;     else         echo "Skipping 'npm run build' in dev mode";     fi;
#44 CACHED

#45 [lean 4/5] RUN --mount=type=cache,target=/app/superset_home/.cache/uv     uv pip install -e .
#45 CACHED

#46 [python-common  8/15] COPY --chmod=755 ./docker/entrypoints/run-server.sh /usr/bin/
#46 CACHED

#47 [ci 1/1] RUN uv pip install .[postgres,duckdb]
#47 CACHED

#48 exporting to image
#48 exporting layers done
#48 writing image sha256:d275b3e60184637bd75dd24853403aaae8296b23d14355bb341531e5c190cd8f done
#48 naming to docker.io/library/hardening-baseline:ci-c83fb2bb1dcf done
#48 DONE 0.0s
